[
  {
    "name": "execute_command",
    "description": "[EXECUTE_COMMAND_CONTRACT]\n- PURPOSE: Execute CLI commands. Use shell operator && for chaining. Avoid vague search commands.",
    "parameters": {
      "type": "OBJECT",
      "properties": {
        "command": {
          "type": "STRING"
        },
        "requires_approval": {
          "type": "BOOLEAN"
        }
      },
      "required": [
        "command",
        "requires_approval"
      ]
    }
  },
  {
    "name": "read_file",
    "description": "[READ_FILE_CONTRACT]\n- PURPOSE: Read contents of file at specified path. Auto-extracts PDF/DOCX text. DO NOT use on directories.",
    "parameters": {
      "type": "OBJECT",
      "properties": {
        "path": {
          "type": "STRING"
        },
        "task_progress": {
          "type": "STRING"
        }
      },
      "required": [
        "path"
      ]
    }
  },
  {
    "name": "write_to_file",
    "description": "[WRITE_TO_FILE_CONTRACT]\n- PURPOSE: Create new file or overwrite existing file with complete final content. Auto-creates parent directories.",
    "parameters": {
      "type": "OBJECT",
      "properties": {
        "path": {
          "type": "STRING"
        },
        "content": {
          "type": "STRING"
        },
        "task_progress": {
          "type": "STRING"
        }
      },
      "required": [
        "path",
        "content"
      ]
    }
  },
  {
    "name": "replace_in_file",
    "description": "Request to replace sections of content in an existing file using SEARCH/REPLACE blocks that define exact changes to specific parts of the file. This tool should be used when you need to make targeted changes to specific parts of a file.",
    "parameters": {
      "type": "OBJECT",
      "properties": {
        "path": {
          "type": "STRING"
        },
        "diff": {
          "type": "STRING"
        },
        "task_progress": {
          "type": "STRING"
        }
      },
      "required": [
        "path",
        "diff"
      ]
    }
  },
  {
    "name": "search_files",
    "description": "[SEARCH_FILES_CONTRACT]\n- PURPOSE: Perform recursive Rust regex search across files in target directory with surrounding context.",
    "parameters": {
      "type": "OBJECT",
      "properties": {
        "path": {
          "type": "STRING"
        },
        "regex": {
          "type": "STRING"
        },
        "file_pattern": {
          "type": "STRING"
        },
        "task_progress": {
          "type": "STRING"
        }
      },
      "required": [
        "path",
        "regex"
      ]
    }
  },
  {
    "name": "list_files",
    "description": "[LIST_FILES_CONTRACT]\n- PURPOSE: List directory contents (top-level or recursive). BANNED: Confirmation of created files.",
    "parameters": {
      "type": "OBJECT",
      "properties": {
        "path": {
          "type": "STRING"
        },
        "recursive": {
          "type": "BOOLEAN"
        },
        "task_progress": {
          "type": "STRING"
        }
      },
      "required": [
        "path"
      ]
    }
  },
  {
    "name": "list_code_definition_names",
    "description": "[LIST_CODE_DEFINITION_NAMES_CONTRACT]\n- PURPOSE: List top-level code definition names (classes, functions, methods) in target directory for architecture mapping.",
    "parameters": {
      "type": "OBJECT",
      "properties": {
        "path": {
          "type": "STRING"
        },
        "task_progress": {
          "type": "STRING"
        }
      },
      "required": [
        "path"
      ]
    }
  },
  {
    "name": "browser_action",
    "description": "[BROWSER_ACTION_CONTRACT]\n- SEQUENCE: Launch (first) -> click/type/scroll -> close (final).\n- EXCLUSIVITY: While active, no other tools may be called.\n- VIEWPORT: 1280x720 px. Click center of target element derived from screenshot.",
    "parameters": {
      "type": "OBJECT",
      "properties": {
        "action": {
          "type": "STRING"
        },
        "url": {
          "type": "STRING"
        },
        "coordinate": {
          "type": "STRING"
        },
        "text": {
          "type": "STRING"
        }
      },
      "required": [
        "action"
      ]
    }
  },
  {
    "name": "use_mcp_tool",
    "description": "[USE_MCP_TOOL_CONTRACT]\n- PURPOSE: Execute tool provided by connected MCP server using parameter arguments object.",
    "parameters": {
      "type": "OBJECT",
      "properties": {
        "server_name": {
          "type": "STRING"
        },
        "tool_name": {
          "type": "STRING"
        },
        "arguments": {
          "type": "STRING"
        },
        "task_progress": {
          "type": "STRING"
        }
      },
      "required": [
        "server_name",
        "tool_name",
        "arguments"
      ]
    }
  },
  {
    "name": "access_mcp_resource",
    "description": "[ACCESS_MCP_RESOURCE_CONTRACT]\n- PURPOSE: Read resource (file/API/data) provided by connected MCP server via URI.",
    "parameters": {
      "type": "OBJECT",
      "properties": {
        "server_name": {
          "type": "STRING"
        },
        "uri": {
          "type": "STRING"
        },
        "task_progress": {
          "type": "STRING"
        }
      },
      "required": [
        "server_name",
        "uri"
      ]
    }
  },
  {
    "name": "ask_followup_question",
    "description": "[ASK_FOLLOWUP_QUESTION_CONTRACT]\n- PURPOSE: Gather user clarification or decisions. BANNED: Options regarding mode switching.",
    "parameters": {
      "type": "OBJECT",
      "properties": {
        "question": {
          "type": "STRING"
        },
        "options": {
          "type": "STRING"
        },
        "task_progress": {
          "type": "STRING"
        }
      },
      "required": [
        "question"
      ]
    }
  },
  {
    "name": "attempt_completion",
    "description": "[ATTEMPT_COMPLETION_CONTRACT]\n- PURPOSE: Present verified task completion result to the user.\n- PREREQUISITE: Confirm previous tool executions succeeded and all requirements are met.\n- CONVERSATION_STYLE: Non-conversational final report. Do NOT end with questions or offers of assistance.",
    "parameters": {
      "type": "OBJECT",
      "properties": {
        "result": {
          "type": "STRING"
        },
        "command": {
          "type": "STRING"
        },
        "task_progress": {
          "type": "STRING"
        }
      },
      "required": [
        "result"
      ]
    }
  },
  {
    "name": "roadmap",
    "description": "Per-project ROADMAP.md steering — living checkpoint for center of gravity, Now/Next/Later, code soup audit, and completion gates. Governance (validate, bootstrap autofill, checkpoint date) runs automatically at attempt_completion — roadmap(action='validate') is diagnostic only. Responses include project_identity_line, governance_policy, _roadmap_operator_hints, agent_playbook, and recommended_next_action.",
    "parameters": {
      "type": "OBJECT",
      "properties": {
        "action": {
          "type": "STRING"
        },
        "context": {
          "type": "STRING"
        },
        "user_request": {
          "type": "STRING"
        },
        "task_progress": {
          "type": "STRING"
        }
      },
      "required": [
        "action"
      ]
    }
  },
  {
    "name": "roadmap_checkpoint",
    "description": "Alias for roadmap(action='checkpoint') — full evidence bundle and checkpoint algorithm before editing ROADMAP.md.",
    "parameters": {
      "type": "OBJECT",
      "properties": {
        "context": {
          "type": "STRING"
        },
        "user_request": {
          "type": "STRING"
        },
        "task_progress": {
          "type": "STRING"
        }
      },
      "required": []
    }
  },
  {
    "name": "new_task",
    "description": "[NEW_TASK_CONTRACT]\n- PURPOSE: Request creation of new task preloaded with structured conversation context.\n- PRESERVATION: Summarize explicit requests, architectural decisions, solved problems, modified files, and verbatim next steps.",
    "parameters": {
      "type": "OBJECT",
      "properties": {
        "context": {
          "type": "STRING"
        }
      },
      "required": [
        "context"
      ]
    }
  },
  {
    "name": "plan_mode_respond",
    "description": "[PLAN_MODE_RESPOND_CONTRACT]\n- AVAILABILITY: PLAN_MODE ONLY. Automatic transition to ACT_MODE upon submission.\n- PURPOSE: Present concrete plan after exploring files.\n- EXPLORATION_RECOVERY: If further research is required, set needs_more_exploration=true.",
    "parameters": {
      "type": "OBJECT",
      "properties": {
        "response": {
          "type": "STRING"
        },
        "needs_more_exploration": {
          "type": "BOOLEAN"
        },
        "task_progress": {
          "type": "STRING"
        }
      },
      "required": [
        "response"
      ]
    }
  },
  {
    "name": "act_mode_respond",
    "description": "[ACT_MODE_RESPOND_CONTRACT]\n- PURPOSE: Provide brief execution preamble or progress update in ACT MODE.\n- BANNED: Never call twice in a row. Must be followed by action tool call. Do NOT call upon task completion (use attempt_completion).",
    "parameters": {
      "type": "OBJECT",
      "properties": {
        "response": {
          "type": "STRING"
        },
        "task_progress": {
          "type": "STRING"
        }
      },
      "required": [
        "response"
      ]
    }
  },
  {
    "name": "load_mcp_documentation",
    "description": "[LOAD_MCP_DOCUMENTATION_CONTRACT]\n- PURPOSE: Load guidelines, setup instructions, and examples for creating and configuring custom MCP servers.",
    "parameters": {
      "type": "OBJECT",
      "properties": {},
      "required": []
    }
  },
  {
    "name": "generate_explanation",
    "description": "Opens a multi-file diff view and generates AI-powered inline comments explaining the changes between two git references. Use this tool to help users understand code changes from git commits, pull requests, branches, or any git refs. The tool uses git to retrieve file contents and displays a side-by-side diff view with explanatory comments.",
    "parameters": {
      "type": "OBJECT",
      "properties": {
        "title": {
          "type": "STRING"
        },
        "from_ref": {
          "type": "STRING"
        },
        "to_ref": {
          "type": "STRING"
        }
      },
      "required": [
        "title",
        "from_ref"
      ]
    }
  },
  {
    "name": "use_subagents",
    "description": "Run up to five focused in-process subagents through a bounded, work-conserving pool. Keep critical-path I/O and final synthesis in the parent; delegate substantial, preferably disjoint scopes. Prefix a prompt with [execution_mode:read_only|audit_only|planning_only|documentation_only|diagnostic_only|mutation] to declare its authority. Non-mutating lanes receive only local read/diagnostic tools; use mutation or [write_set:path] whenever a lane may write, run commands, use MCP, or otherwise cause side effects. Add [depends_on:0,1] only for true dependencies, using zero-based lane indices. Each lane returns its result and usage stats.",
    "parameters": {
      "type": "OBJECT",
      "properties": {
        "prompt_1": {
          "type": "STRING"
        },
        "prompt_2": {
          "type": "STRING"
        },
        "prompt_3": {
          "type": "STRING"
        },
        "prompt_4": {
          "type": "STRING"
        },
        "prompt_5": {
          "type": "STRING"
        }
      },
      "required": [
        "prompt_1"
      ]
    }
  },
  {
    "name": "12345670mcp0test_tool",
    "description": "test-server: A test tool",
    "parameters": {
      "type": "OBJECT",
      "properties": {},
      "required": []
    }
  }
]